E3 complete-mechanism cell 128 128 complete
E3 complete-mechanism cell 32 32 complete
E3 complete-mechanism cell 1 1 complete
E3 complete-mechanism cell 128 1 complete
E3 complete-mechanism cell 128 4 complete
E3 complete-mechanism cell 8 1 complete
E3 complete-mechanism cell 8 4 complete
E3 complete-mechanism cell 32 1 complete
E3 complete-mechanism cell 8 8 complete
E3 complete-mechanism cell 32 4 complete
E3 SECTION COMPLETE mechanism {'cells': 10, 'observations': 4000, 'query_equality_verified_every_pair': True, 'sql_count_note': 'SQLAlchemy counts cursor executions; sqlite3 trace also reports trigger activity. Cross-arm counts are not normalized.', 'status': 'complete', 'elapsed_seconds': 373.87796688079834}
E3 prevalidated-materialization cell 128 128 complete
E3 prevalidated-materialization cell 32 32 complete
E3 prevalidated-materialization cell 1 1 complete
E3 prevalidated-materialization cell 128 1 complete
E3 prevalidated-materialization cell 128 4 complete
E3 prevalidated-materialization cell 8 1 complete
E3 prevalidated-materialization cell 8 4 complete
E3 prevalidated-materialization cell 32 1 complete
E3 prevalidated-materialization cell 8 8 complete
E3 prevalidated-materialization cell 32 4 complete
E3 SECTION COMPLETE ablation {'cells': 10, 'observations': 4000, 'materialization_poststate_verified_every_trial': True, 'interpretation': 'Persistence ablation with precomputed valid database delta; NOT an alternative complete admission mechanism.', 'status': 'complete', 'elapsed_seconds': 419.04354667663574}
E3 background forms seeded: 100
E3 background forms seeded: 200
E3 background forms seeded: 300
E3 background forms seeded: 400
E3 background forms seeded: 500
E3 background forms seeded: 600
E3 background forms seeded: 700
E3 background forms seeded: 800
E3 background forms seeded: 900
E3 trace cell 8 1 1000 complete
E3 trace cell 32 10 1 complete
E3 trace cell 128 100 1000 complete
E3 trace cell 8 100 1000 complete
E3 trace cell 1 100 100 complete
E3 trace cell 8 1 1 complete
E3 trace cell 1 10 100 complete
E3 trace cell 128 10 1 complete
E3 trace cell 8 10 1 complete
E3 trace cell 32 100 1000 complete
E3 trace cell 1 10 1000 complete
E3 trace cell 1 100 1000 complete
E3 trace cell 128 1 1 complete
E3 trace cell 1 10 1 complete
E3 trace cell 8 10 1000 complete
E3 trace cell 8 1 100 complete
E3 trace cell 32 1 100 complete
E3 trace cell 1 1 1000 complete
E3 trace cell 128 1 1000 complete
E3 trace cell 32 100 1 complete
E3 trace cell 128 100 1 complete
E3 trace cell 128 10 1000 complete
E3 trace cell 128 1 100 complete
E3 trace cell 8 100 100 complete
E3 trace cell 1 1 100 complete
E3 trace cell 32 1 1000 complete
E3 trace cell 32 100 100 complete
E3 trace cell 1 1 1 complete
E3 trace cell 1 100 1 complete
E3 trace cell 128 10 100 complete
E3 trace cell 8 10 100 complete
E3 trace cell 128 100 100 complete
E3 trace cell 32 10 1000 complete
E3 trace cell 32 1 1 complete
E3 trace cell 8 100 1 complete
E3 trace cell 32 10 100 complete
E3 SECTION COMPLETE trace {'cells': 36, 'observations': 14400, 'full_trace_equality_verified_every_trial': True, 'background_setup': 'Shared valid distractor snapshots; original per-cell cardinality/history grid preserved; setup excluded from timing.', 'status': 'complete', 'elapsed_seconds': 1493.6831195354462}
E3 SECTION COMPLETE storage {'cells': 3, 'scope': 'Synthetic schema footprint; direct population, not validated real transitions or equal-function competitor.', 'status': 'complete', 'elapsed_seconds': 13.67597222328186}
